// Jest Snapshot v1, https://goo.gl/fbAQLP

exports[`getErrorInfo 1`] = `"demo error"`;

exports[`getErrorInfo 2`] = `"Error: demo error"`;
